============================= test session starts =============================
platform win32 -- Python 3.14.0, pytest-9.0.2, pluggy-1.6.0 -- C:\Python314\python.exe
cachedir: .pytest_cache
rootdir: C:\Users\roanc\jules-antigravity-lattice-sentinel
plugins: anyio-4.11.0, jaxtyping-0.3.5, asyncio-1.3.0
asyncio: mode=Mode.STRICT, debug=False, asyncio_default_fixture_loop_scope=None, asyncio_default_test_loop_scope=function
collecting ... collected 1 item

tests/integration/test_antigravity_consistency.py::test_lattice_deployment_atomicity PASSED [100%]

============================== 1 passed in 0.03s ==============================
